// Vitest Snapshot v1, https://vitest.dev/guide/snapshot.html

exports[`<RelatedtCategoryList /> > should match snapshot 1`] = `
<div>
  <div
    class="flex flex-col space-y-3"
    data-testid="category-list"
  >
    <h3
      class="text-sm font-medium"
      data-testid="category-list-title"
    >
      Popular Categories
    </h3>
    <div
      class="flex flex-wrap gap-2"
    >
      <div
        class="cursor-pointer hover:bg-primary/10 hover:text-primary transition-all duration-300 py-1.5"
        data-testid="category-electronics"
        variant="secondary"
      >
        Electronics
      </div>
      <div
        class="cursor-pointer hover:bg-primary/10 hover:text-primary transition-all duration-300 py-1.5"
        data-testid="category-home-decor"
        variant="secondary"
      >
        Home Decor
      </div>
      <div
        class="cursor-pointer hover:bg-primary/10 hover:text-primary transition-all duration-300 py-1.5"
        data-testid="category-fashion"
        variant="secondary"
      >
        Fashion
      </div>
    </div>
  </div>
</div>
`;
